Godot Engine v4.6.stable.mono.official.89cea1439 - https://godotengine.org
Vulkan 1.4.329 - Forward+ - Using Device #0: NVIDIA - NVIDIA GeForce RTX 4060 Laptop GPU

WARNING: instance_reset_physics_interpolation() is deprecated.
   at: _instance_reset_physics_interpolation_bind_compat_104269 (servers/rendering/rendering_server.compat.inc:58)
[INFO] [water] OceanManager: System disabled via project settings
[INFO] [shaders] Loaded effect: color_grading
[INFO] [shaders] Loaded effect: godrays
[INFO] [shaders] Loaded effect: light_glow
[INFO] [shaders] Loaded effect: sky_transmittance
[INFO] [shaders] Loaded effect: underwater
[INFO] [shaders] Loaded effect: volumetric_fog
[INFO] [shaders] ShaderManager initialized with 6 effects
[INFO] [deformation] DeformationManager: System disabled via project settings - skipping initialization
[INFO] [weather] WeatherManager initialized — starting at hour 8.0, weather: Clear
WARNING: Terrain3D#7737:_notification:869: free_editor_textures requires `Assets` be saved to a file. Do so, or disable the former to turn off this warning
   at: push_warning (core/variant/variant_utility.cpp:1034)
[TIMING] managers + object pool: 0 ms
[INFO] [streaming] PerformanceProfiler: Session started
[INFO] [tools] Interaction framework wired (raycaster + carry controller)
[INFO] [tools] Camera systems initialized (P to toggle)
[TIMING] cameras: 2 ms
[INFO] [dialogue] DialogueUI: _root_control sized to (1920.0, 1061.0) (rect=[P: (0.0, 0.0), S: (1920.0, 1061.0)])
[INFO] [tools] Dialogue system initialized (dialogue + books + journal + quest adapter + BNAM handler)
[TIMING] dialogue: 17 ms
[INFO] [tools] Console initialized (~ to toggle)
[TIMING] console: 26 ms
[INFO] [tools] Test runner initialized (F6=start, F7=stop, F8=report)
[TIMING] test runner: 42 ms
[INFO] [tools] CrashReporter logging to: C:/Users/metzo/AppData/Roaming/Godot/app_userdata/Godotwind/logs/crash_report.txt
[INFO] [tools] Debug systems initialized (F4=profile, F9=overlay, F11=dump, F12=auto-test)
[TIMING] diagnostic systems: 142 ms
[TIMING] interior browser: 0 ms
[INFO] [weather] SunshineClouds2 driver initialized (disabled until weather/sky enabled)
[INFO] [debug] Initializing debug overlay...
[INFO] [dialogue] DialogueUI: _root_control sized to (1920.0, 1080.0) (rect=[P: (0.0, 0.0), S: (1920.0, 1080.0)])
[INFO] [tools] Resolution: 1920x1080
[TIMING] visibility toggles + panels: 263 ms
[TIMING] _ready() total: 496 ms
[INFO] [mod] Loaded 0 mods from manifest
[INFO] [tools] Mod registry initialized (0 mods)
[TIMING] mod registry: 2 ms
[INFO] [bsa] Loaded Bloodmoon.bsa (1545 files)
[INFO] [bsa] Loaded Morrowind.bsa (11090 files)
[INFO] [bsa] Loaded Tribunal.bsa (1174 files)
[INFO] [tools] Loaded 3 BSA archives (vanilla + mods)
[TIMING] BSA archives: 1050 ms
[INFO] [threading] BackgroundProcessor initialized with 8 concurrent task limit
[INFO] [tools] Background processor initialized for async cell loading
[INFO] [bridge] Native C# code available (version 1.0.0)
NativeFactory: Loading ESM from cache: C:/Users/metzo/Documents/Godotwind/cache/Morrowind.esmcache
ESMCache: Loaded cache in 2122,8ms
NativeFactory: Cache loaded in 2122,8ms
NativeESMLoader: ExportAllCellsPacked built 2538 cells, 316116 refs in 538,1ms
[INFO] [esm] Batch populated 2538 cells with 316116 refs from packed arrays
[INFO] [esm] Cell+ref batch populate: 2365 ms (was ~7000ms)
[INFO] [esm] Supplemented 27454 records (Classes: 77, Factions: 22, Skills: 27, Birthsigns: 13, Books: 574, Dialogues: 2358, Lights: 574)
[INFO] [esm] Loaded Morrowind.esm in 6738 ms (C#: 2411 ms, populate: 2440 ms, actors: 1887 ms)
[TIMING] ESM load (primary): 6804 ms
[TIMING] ESP mods: 0 ms
[INFO] [tools] Game data loaded successfully
[INFO] [tools] LAND records: 1390, CELL records: 2538
[INFO] [textures] Loading 107 LTEX textures...
[INFO] [textures] Default texture added to slot 0
[INFO] [textures] Cells with VTEX data: 1292, without: 98
[INFO] [textures] Total unique texture indices: 100
WARNING: [WARN] [textures] 68 textures won't get slots. First overflow: idx20:1200, idx32:1188, idx35:1029, idx54:1012, idx42:997, idx62:990, idx91:903, idx39:872
   at: push_warning (core/variant/variant_utility.cpp:1034)
   GDScript backtrace (most recent call first):
       [0] _log (res://src/core/logging/logger.gd:80)
       [1] warn (res://src/core/logging/logger.gd:43)
       [2] _collect_used_texture_indices (res://src/core/world/terrain_texture_loader.gd:180)
       [3] load_terrain_textures (res://src/core/world/terrain_texture_loader.gd:83)
       [4] _init_terrain3d (res://src/tools/world_explorer.gd:498)
       [5] _init_async (res://src/tools/world_explorer.gd:404)
       [6] _update_loading (res://src/tools/world_explorer.gd:2110)
[INFO] [textures] Found 100 unique texture indices in use
WARNING: TerrainTextureLoader: Maximum texture slots reached (32)
   at: push_warning (core/variant/variant_utility.cpp:1034)
   GDScript backtrace (most recent call first):
       [0] load_terrain_textures (res://src/core/world/terrain_texture_loader.gd:94)
       [1] _init_terrain3d (res://src/tools/world_explorer.gd:498)
       [2] _init_async (res://src/tools/world_explorer.gd:404)
       [3] _update_loading (res://src/tools/world_explorer.gd:2110)
[INFO] [textures] Loaded 'Tx_sand_02.tga' and 30 more textures (0 failed)
[INFO] [tools] Loaded 31 terrain textures
[INFO] [tools] Terrain3D configured: region_size=256, vertex_spacing=1.829
[TIMING] Terrain3D init: 2195 ms
[INFO] [tools] Loaded preprocessed terrain: 289 regions from C:/Users/metzo/Documents/Godotwind/cache/terrain
[TIMING] terrain data load: 1072 ms
[INFO] [streaming] HorizonMapManager: Applied terrain shader override (wet map)
[TIMING] horizon maps: 134 ms
[INFO] [tools] Pre-loaded 0 common models into cache
[TIMING] preload common models: 223 ms
[INFO] [tools] Character animations already prebaked — skipping
[TIMING] animation prebake check: 13 ms
[INFO] [tools] [color=cyan]Using NATIVE streaming system (Godot visibility_range)
[INFO] [impostors] Initializing impostor renderer...
[INFO] [threading] BackgroundJobSystem started with 2 worker threads
[INFO] [impostors] Initialization complete. Debug enabled: false
[INFO] [threading] BackgroundProcessor initialized with 8 concurrent task limit
[INFO] [streaming] DistantLightManager: initialized (max 4096 instances)
[INFO] [impostors] visibility_range_begin set to 980m (fade margin 20m)
[INFO] [streaming] Runtime HLOD merger active — MID 0-300m, HLOD 300-1000m, impostors 1000m+
[INFO] [streaming] Initialized with native visibility_range streaming
[INFO] [streaming] No camera provided - streaming will start when set_camera() is called
[INFO] [tools] NativeStreamingManager created - using Godot's native visibility_range
[TIMING] streaming manager setup: 277 ms
[INFO] [streaming] InteriorPocketManager initialized: 2 slots
[INFO] [streaming] Interior pocket manager initialized
[TIMING] pocket manager: 5 ms
[INFO] [weather] Entered region: Ashlands Region
[INFO] [streaming] heartbeat sec=24 frame=7 fps=0.0 proc=18.8ms phys=0.2ms draws=242 objs=983 prims=780k loaded=0 loading=0 reg_batches=0 reg_slots=0
[INFO] [streaming] DistantLightManager: added 2962 distant lights (2962 total, 2962 instances)
[INFO] [streaming] _update_loaded_cells: 214.6ms [grid:0.8 reclaim:0.0 unload:0.0 queue:0.5]
[TIMING] _init_async() total: 12064 ms
[INFO] [tools] World streaming initialized!
[INFO] [tools] Loading time: 12064 ms
[INFO] [tools] Use ZQSD to move, Right-click to look
[INFO] [tools] Cells stream automatically based on camera position
[INFO] [tools] Teleported to cell (-2, -9)
[INFO] [streaming] _update_loaded_cells: 17.2ms [grid:0.7 reclaim:0.0 unload:0.0 queue:0.4]
[INFO] [debug] Camera set: FlyCamera
[INFO] [debug] DiagnosticOverlay connected to NativeStreamingManager
[INFO] [tools] CrashReporter connected to systems
[INFO] [debug] Initialized - F4: Profile, F9: Overlay, F11: Dump, F12: Auto-test
[INFO] [tools] Diagnostic systems connected to streaming
[INFO] [tools] Ocean: OFF
[INFO] [tools] [DIAG] Characters toggle: OFF
[INFO] [tools] [DIAG] Found 0 loaded cells to process for NPC toggle
[INFO] [tools] [DIAG] Toggled visibility for 0 characters
[INFO] [tools] NPCs/Creatures: OFF
[INFO] [tools] Subsystem toggles initialized (11 flags)
[INFO] [weather] Entered region: Bitter Coast Region
[INFO] [interaction] [DOOR_ATTACH] ex_common_door_balcony (dest='Seyda Neen, Census and Excise Warehouse' teleport=true has_collision=true)
[INFO] [interaction] [DOOR_ATTACH] ex_nord_door_01 (dest='Seyda Neen, Census and Excise Office' teleport=true has_collision=true)
[INFO] [interaction] [DOOR_ATTACH] ex_nord_door_01 (dest='Seyda Neen, Terurise Girvayne's House' teleport=true has_collision=true)
[INFO] [interaction] [DOOR_ATTACH] chargen door captain (dest='Seyda Neen, Census and Excise Office' teleport=true has_collision=true)
[INFO] [interaction] [DOOR_ATTACH] Ex_De_Shack_Door (dest='Seyda Neen, Erene Llenim's Shack' teleport=true has_collision=true)
[INFO] [interaction] [DOOR_ATTACH] PrisonMarker (dest='Seyda Neen, Census and Excise Office' teleport=true has_collision=true)
[INFO] [interaction] [DOOR_ATTACH] chargen customs door (dest='Seyda Neen, Census and Excise Office' teleport=true has_collision=true)
[INFO] [interaction] [DOOR_ATTACH] chargendoorjournal (dest='Seyda Neen, Census and Excise Office' teleport=true has_collision=true)
[INFO] [interaction] [DOOR_ATTACH] Ex_De_Shack_Door (dest='Seyda Neen, Foryn Gilnith's Shack' teleport=true has_collision=true)
[INFO] [interaction] [DOOR_ATTACH] ex_common_door_01 (dest='Seyda Neen, Arrille's Tradehouse' teleport=true has_collision=true)
[INFO] [interaction] [DOOR_ATTACH] Ex_De_Shack_Door (dest='Seyda Neen, Fine-Mouth's Shack' teleport=true has_collision=true)
[INFO] [interaction] [DOOR_ATTACH] ex_nord_door_01 (dest='Seyda Neen, Vodunius Nuccius' House' teleport=true has_collision=true)
[INFO] [interaction] [DOOR_ATTACH] ex_nord_door_01 (dest='Seyda Neen, Eldafire's House' teleport=true has_collision=true)
[INFO] [interaction] [DOOR_ATTACH] ex_nord_door_01-back (dest='Seyda Neen, Arrille's Tradehouse' teleport=true has_collision=true)
[INFO] [interaction] [DOOR_ATTACH] Ex_De_Shack_Door (dest='Seyda Neen, Indrele Rathryon's Shack' teleport=true has_collision=true)
[INFO] [interaction] [DOOR_ATTACH] ex_nord_door_01 (dest='Seyda Neen, Census and Excise Warehouse' teleport=true has_collision=true)
[INFO] [interaction] [DOOR_ATTACH] CharGen_ship_trapdoor (dest='Imperial Prison Ship' teleport=true has_collision=true)
[INFO] [interaction] [DOOR_ATTACH] ex_nord_door_01 (dest='Seyda Neen, Fargoth's House' teleport=true has_collision=true)
[INFO] [interaction] [DOOR_ATTACH] ex_nord_door_01 (dest='Seyda Neen, Draren Thiralas' House' teleport=true has_collision=true)
[INFO] [tools] Cell loaded: (-2, -9) - 251 objects (native)
WARNING: [WARN] [streaming] Door 'CharGen_ship_trapdoor' -> NO building found (seamless=false, non_seamless_match=false)
   at: push_warning (core/variant/variant_utility.cpp:1034)
   GDScript backtrace (most recent call first):
       [0] _log (res://src/core/logging/logger.gd:80)
       [1] warn (res://src/core/logging/logger.gd:43)
       [2] _identify_building_for_door (res://src/core/world/interior_pocket_manager.gd:572)
       [3] register_exterior_cell_doors (res://src/core/world/interior_pocket_manager.gd:421)
       [4] _on_native_cell_loaded (res://src/tools/world_explorer.gd:1897)
       [5] _process_async_completions (res://src/core/world/native_streaming_manager.gd:1565)
       [6] _process (res://src/core/world/native_streaming_manager.gd:663)
[INFO] [streaming] Door 'PrisonMarker' -> building 'ex_nord_doorf_01' (ex_nord_doorf_01.nif, dist=2.2m, seamless=true)
[INFO] [streaming] Door 'chargen customs door' -> building 'ex_nord_doorf_01' (ex_nord_doorf_01.nif, dist=0.4m, seamless=true)
[INFO] [streaming] Door 'ex_nord_door_01' -> building 'ex_nord_doorf_01' (ex_nord_doorf_01.nif, dist=0.5m, seamless=true)
[INFO] [streaming] Door 'Ex_De_Shack_Door' -> building 'ex_de_shack_03' (ex_de_shack_03.nif, dist=2.8m, seamless=true)
[INFO] [streaming] Door 'ex_common_door_01' -> building 'ex_de_shack_plank_01' (ex_de_shack_plank_01.nif, dist=1.1m, seamless=true)
[INFO] [streaming] Door 'chargen door captain' -> building 'ex_nord_doorf_01' (ex_nord_doorf_01.nif, dist=0.5m, seamless=true)
[INFO] [streaming] Door 'chargendoorjournal' -> building 'ex_nord_doorf_01' (ex_nord_doorf_01.nif, dist=0.4m, seamless=true)
[INFO] [streaming] Door 'ex_nord_door_01-back' -> building 'ex_nord_doorf_01' (ex_nord_doorf_01.nif, dist=0.4m, seamless=true)
[INFO] [streaming] Door 'ex_common_door_balcony' -> building 'ex_common_balcony_01' (ex_common_balcony_01.nif, dist=0.8m, seamless=true)
[INFO] [tools] Cell loaded: (-2, -8) - 0 objects (native)
[INFO] [interaction] [DOOR_ATTACH] Ex_De_Shack_Door (dest='Seyda Neen, Lighthouse' teleport=true has_collision=true)
[INFO] [interaction] [DOOR_ATTACH] Ex_De_Shack_Door (dest='Seyda Neen, Lighthouse' teleport=true has_collision=true)
[INFO] [tools] Cell loaded: (-3, -9) - 1 objects (native)
WARNING: [WARN] [streaming] Door 'ex_cave_door_01' -> NO building found (seamless=false, non_seamless_match=true)
   at: push_warning (core/variant/variant_utility.cpp:1034)
   GDScript backtrace (most recent call first):
       [0] _log (res://src/core/logging/logger.gd:80)
       [1] warn (res://src/core/logging/logger.gd:43)
       [2] _identify_building_for_door (res://src/core/world/interior_pocket_manager.gd:572)
       [3] register_exterior_cell_doors (res://src/core/world/interior_pocket_manager.gd:421)
       [4] _on_native_cell_loaded (res://src/tools/world_explorer.gd:1897)
       [5] _process_async_completions (res://src/core/world/native_streaming_manager.gd:1565)
       [6] _process (res://src/core/world/native_streaming_manager.gd:663)
WARNING: [WARN] [streaming] Frame overrun: 24.2ms [cellupd:0.0 unload:0.0 async:4.8 inst:6.8 promo:0.0 coll:0.0 defer:0.0 queue:0.0] (budget:8.0ms, overruns:55)
   at: push_warning (core/variant/variant_utility.cpp:1034)
   GDScript backtrace (most recent call first):
       [0] _log (res://src/core/logging/logger.gd:80)
       [1] warn (res://src/core/logging/logger.gd:43)
       [2] _process (res://src/core/world/native_streaming_manager.gd:745)
[INFO] [tools] Cell loaded: (-1, -9) - 45 objects (native)
[INFO] [streaming] Door 'ex_velothi_loaddoor_01' -> building 'ex_velothi_entrance_02' (ex_velothi_entrance_02.nif, dist=2.7m, seamless=true)
WARNING: [WARN] [streaming] Door 'ex_cave_door_01' -> NO building found (seamless=false, non_seamless_match=true)
   at: push_warning (core/variant/variant_utility.cpp:1034)
   GDScript backtrace (most recent call first):
       [0] _log (res://src/core/logging/logger.gd:80)
       [1] warn (res://src/core/logging/logger.gd:43)
       [2] _identify_building_for_door (res://src/core/world/interior_pocket_manager.gd:572)
       [3] register_exterior_cell_doors (res://src/core/world/interior_pocket_manager.gd:421)
       [4] _on_native_cell_loaded (res://src/tools/world_explorer.gd:1897)
       [5] _process_async_completions (res://src/core/world/native_streaming_manager.gd:1565)
       [6] _process (res://src/core/world/native_streaming_manager.gd:663)
[INFO] [streaming] Startup phase complete after 57 frames, 8 cells loaded, 0 impostor cells remaining (inner ring: 0/153 processed)
[INFO] [impostors] Queued 11289 impostor cells for deferred loading (total pending: 11289)
[INFO] [streaming] Deferred impostor update: 158.4ms
[INFO] [streaming] HLOD update_for_camera: 20 desired chunks, 0 active, 0 pending, 0 queued (cell=(-2, -9))
[INFO] [streaming] HLOD chunk (0, -8, 1): merging 154 inputs (skipped=0 type_rej=127 size_rej=493)
[INFO] [streaming] HLOD chunk (0, -12, 1): merging 40 inputs (skipped=0 type_rej=114 size_rej=481)
[INFO] [streaming] Post-startup queue drained in 0.4s (64 frames since loading screen)
[INFO] [streaming] heartbeat sec=29 frame=65 fps=11.6 proc=50.2ms phys=0.8ms draws=3519 objs=6026 prims=925k loaded=8 loading=4 reg_batches=178 reg_slots=1758
[INFO] [streaming] HLOD chunk (-6, -10, 1): merging 64 inputs (skipped=0 type_rej=73 size_rej=163)
[INFO] [streaming] HLOD chunk (-2, -6, 1): merging 96 inputs (skipped=0 type_rej=92 size_rej=414)
[INFO] [tools] Cell loaded: (-2, -10) - 86 objects (native)
[INFO] [streaming] Door 'Ex_De_Shack_Door' -> building 'ex_common_lighthouse' (ex_common_lighthouse.nif, dist=3.9m, seamless=true)
[INFO] [streaming] HLOD chunk (-6, -12, 1): no ESM refs (all cells empty or missing)
[INFO] [streaming] HLOD chunk (-2, -14, 1): no ESM refs (all cells empty or missing)
[INFO] [tools] Cell loaded: (-3, -10) - 19 objects (native)
[INFO] [streaming] HLOD chunk (-4, -6, 1): merging 108 inputs (skipped=0 type_rej=55 size_rej=369)
[INFO] [streaming] HLOD chunk (-4, -14, 1): no ESM refs (all cells empty or missing)
[INFO] [streaming] HLOD chunk (2, -10, 1): merging 72 inputs (skipped=0 type_rej=107 size_rej=479)
[INFO] [streaming] HLOD chunk (0, -6, 1): merging 35 inputs (skipped=0 type_rej=148 size_rej=475)
[INFO] [streaming] HLOD chunk (2, -8, 1): merging 76 inputs (skipped=0 type_rej=116 size_rej=635)
[INFO] [streaming] HLOD chunk (2, -12, 1): merging 55 inputs (skipped=0 type_rej=111 size_rej=466)
[INFO] [streaming] HLOD chunk (-8, -8, 2): merging 235 inputs (skipped=0 type_rej=370 size_rej=1800)
[INFO] [streaming] HLOD chunk (0, -16, 2): merging 53 inputs (skipped=0 type_rej=293 size_rej=1553)
[INFO] [streaming] HLOD chunk (-8, -16, 2): no ESM refs (all cells empty or missing)
[INFO] [streaming] HLOD chunk (-4, -4, 2): merging 257 inputs (skipped=0 type_rej=445 size_rej=1772)
[INFO] [streaming] heartbeat sec=34 frame=72 fps=1.4 proc=1078.8ms phys=106.9ms draws=5637 objs=8163 prims=1642k loaded=8 loading=2 reg_batches=178 reg_slots=1758
[INFO] [streaming] HLOD chunk (4, -12, 2): merging 98 inputs (skipped=0 type_rej=380 size_rej=2406)
[INFO] [streaming] HLOD chunk (0, -4, 2): merging 191 inputs (skipped=0 type_rej=313 size_rej=1536)
[INFO] [streaming] HLOD chunk (4, -8, 2): merging 82 inputs (skipped=0 type_rej=501 size_rej=1861)
[INFO] [streaming] HLOD chunk (-8, -4, 2): merging 226 inputs (skipped=0 type_rej=590 size_rej=2841)
[INFO] [streaming] heartbeat sec=39 frame=79 fps=1.4 proc=309.5ms phys=45.5ms draws=6202 objs=8728 prims=1818k loaded=10 loading=4 reg_batches=179 reg_slots=1768
[INFO] [impostors] Benchmark: 522 impostors, 82 tex layers, 11284 pending cells, mm_instances=0
[INFO] [streaming] [audit +14s] fps=14 proc=161.4ms frame=35.8ms queue=155 burst=N | unload=0.0 async=0.0 inst=22.0 promo=0.0 coll=0.0 defer=0.0 (ms)
[INFO] [tools] Cell loaded: (-4, -9) - 5 objects (native)
[INFO] [streaming] Door 'in_velothismall_ndoor_01' -> building 'ex_velothi_entrance_02' (ex_velothi_entrance_02.nif, dist=3.8m, seamless=false)
[INFO] [tools] Cell loaded: (-1, -10) - 1 objects (native)
[INFO] [tools] Cell loaded: (-2, -7) - 0 objects (native)
[INFO] [tools] Cell loaded: (0, -9) - 0 objects (native)
[INFO] [tools] Cell loaded: (-2, -11) - 0 objects (native)
WARNING: [WARN] [streaming] Door 'ex_de_ship_trapdoor' -> NO building found (seamless=false, non_seamless_match=false)
   at: push_warning (core/variant/variant_utility.cpp:1034)
   GDScript backtrace (most recent call first):
       [0] _log (res://src/core/logging/logger.gd:80)
       [1] warn (res://src/core/logging/logger.gd:43)
       [2] _identify_building_for_door (res://src/core/world/interior_pocket_manager.gd:572)
       [3] register_exterior_cell_doors (res://src/core/world/interior_pocket_manager.gd:421)
       [4] _on_native_cell_loaded (res://src/tools/world_explorer.gd:1897)
       [5] _process_async_completions (res://src/core/world/native_streaming_manager.gd:1565)
       [6] _process (res://src/core/world/native_streaming_manager.gd:663)
WARNING: [WARN] [streaming] Frame overrun: 38.4ms [cellupd:0.0 unload:0.0 async:3.5 inst:21.4 promo:0.0 coll:0.0 defer:0.0 queue:0.0] (budget:8.0ms, overruns:114)
   at: push_warning (core/variant/variant_utility.cpp:1034)
   GDScript backtrace (most recent call first):
       [0] _log (res://src/core/logging/logger.gd:80)
       [1] warn (res://src/core/logging/logger.gd:43)
       [2] _process (res://src/core/world/native_streaming_manager.gd:745)
[INFO] [streaming] heartbeat sec=44 frame=125 fps=9.2 proc=162.8ms phys=0.2ms draws=6361 objs=8896 prims=2201k loaded=15 loading=4 reg_batches=186 reg_slots=2387
[INFO] [impostors] Benchmark: 3140 impostors, 167 tex layers, 11233 pending cells, mm_instances=0
[INFO] [tools] Cell loaded: (-1, -7) - 0 objects (native)
[INFO] [streaming] Door 'ex_nord_door_01' -> building 'ex_nord_doorf_01' (ex_nord_doorf_01.nif, dist=0.5m, seamless=true)
[INFO] [tools] Cell loaded: (-3, -7) - 0 objects (native)
[INFO] [streaming] Door 'ex_velothi_loaddoor_01' -> building 'ex_velothi_entrance_02' (ex_velothi_entrance_02.nif, dist=2.9m, seamless=false)
[INFO] [streaming] [audit +20s] fps=13 proc=123.4ms frame=8.9ms queue=515 burst=N | unload=0.0 async=0.0 inst=8.8 promo=0.0 coll=0.0 defer=0.0 (ms)
WARNING: [WARN] [streaming] Frame overrun: 26.0ms [cellupd:0.0 unload:0.0 async:0.0 inst:9.9 promo:0.0 coll:0.0 defer:0.0 queue:0.0] (budget:8.0ms, overruns:169)
   at: push_warning (core/variant/variant_utility.cpp:1034)
   GDScript backtrace (most recent call first):
       [0] _log (res://src/core/logging/logger.gd:80)
       [1] warn (res://src/core/logging/logger.gd:43)
       [2] _process (res://src/core/world/native_streaming_manager.gd:745)
[INFO] [tools] Cell loaded: (0, -8) - 0 objects (native)
[INFO] [streaming] Door 'ex_nord_door_01' -> building 'ex_nord_house_03' (ex_nord_house_03.nif, dist=3.0m, seamless=true)
WARNING: [WARN] [streaming] Door 'ex_cave_door_01' -> NO building found (seamless=false, non_seamless_match=true)
   at: push_warning (core/variant/variant_utility.cpp:1034)
   GDScript backtrace (most recent call first):
       [0] _log (res://src/core/logging/logger.gd:80)
       [1] warn (res://src/core/logging/logger.gd:43)
       [2] _identify_building_for_door (res://src/core/world/interior_pocket_manager.gd:572)
       [3] register_exterior_cell_doors (res://src/core/world/interior_pocket_manager.gd:421)
       [4] _on_native_cell_loaded (res://src/tools/world_explorer.gd:1897)
       [5] _process_async_completions (res://src/core/world/native_streaming_manager.gd:1565)
       [6] _process (res://src/core/world/native_streaming_manager.gd:663)
[INFO] [streaming] Door 'ex_common_door_01' -> building 'ex_common_window_01' (ex_common_window_01.nif, dist=2.8m, seamless=true)
[INFO] [streaming] Door 'ex_nord_door_02' -> building 'ex_nord_doorrocks_01' (ex_nord_doorrocks_01.nif, dist=1.7m, seamless=true)
[INFO] [streaming] heartbeat sec=49 frame=189 fps=12.8 proc=123.4ms phys=2.7ms draws=6896 objs=9427 prims=2347k loaded=20 loading=6 reg_batches=229 reg_slots=3122
[INFO] [tools] Cell loaded: (-3, -11) - 0 objects (native)
[INFO] [tools] Cell loaded: (-1, -11) - 0 objects (native)
WARNING: [WARN] [streaming] Door 'ex_cave_door_01' -> NO building found (seamless=false, non_seamless_match=true)
   at: push_warning (core/variant/variant_utility.cpp:1034)
   GDScript backtrace (most recent call first):
       [0] _log (res://src/core/logging/logger.gd:80)
       [1] warn (res://src/core/logging/logger.gd:43)
       [2] _identify_building_for_door (res://src/core/world/interior_pocket_manager.gd:572)
       [3] register_exterior_cell_doors (res://src/core/world/interior_pocket_manager.gd:421)
       [4] _on_native_cell_loaded (res://src/tools/world_explorer.gd:1897)
       [5] _process_async_completions (res://src/core/world/native_streaming_manager.gd:1565)
       [6] _process (res://src/core/world/native_streaming_manager.gd:663)
[INFO] [streaming] Door 'Ex_DE_ship_cabindoor' -> building 'Ex_barnacles_02' (ex_barnacles_02.nif, dist=2.7m, seamless=true)
[INFO] [tools] Cell loaded: (-4, -8) - 0 objects (native)
[INFO] [streaming] Door 'in_velothismall_ndoor_01' -> building 'ex_velothi_entrance_02' (ex_velothi_entrance_02.nif, dist=3.8m, seamless=true)
[INFO] [tools] Cell loaded: (-4, -7) - 0 objects (native)
[INFO] [streaming] Door 'ex_cave_door_01' -> building 'ex_de_cave_entrance_01' (ex_de_cave_entrance_01.nif, dist=0.3m, seamless=true)
[INFO] [tools] Cell loaded: (-4, -11) - 0 objects (native)
[INFO] [impostors] Benchmark: 6278 impostors, 255 tex layers, 11174 pending cells, mm_instances=0
WARNING: [NativeImpostorRenderer] Texture array limit reached (256 layers). New impostors will be skipped until cells unload.
   at: push_warning (core/variant/variant_utility.cpp:1034)
   GDScript backtrace (most recent call first):
       [0] _add_to_texture_array (res://src/core/world/native_impostor_renderer.gd:1660)
       [1] _on_texture_loaded (res://src/core/world/native_impostor_renderer.gd:1561)
       [2] _poll_job_results (res://src/core/world/native_impostor_renderer.gd:951)
       [3] _process (res://src/core/world/native_impostor_renderer.gd:803)
WARNING: [WARN] [streaming] Frame overrun: 28.8ms [cellupd:0.0 unload:0.0 async:0.0 inst:9.8 promo:0.0 coll:0.0 defer:0.0 queue:0.0] (budget:8.0ms, overruns:229)
   at: push_warning (core/variant/variant_utility.cpp:1034)
   GDScript backtrace (most recent call first):
       [0] _log (res://src/core/logging/logger.gd:80)
       [1] warn (res://src/core/logging/logger.gd:43)
       [2] _process (res://src/core/world/native_streaming_manager.gd:745)
[INFO] [streaming] [audit +25s] fps=16 proc=98.1ms frame=43.2ms queue=162 burst=N | unload=0.0 async=0.0 inst=23.3 promo=0.0 coll=0.0 defer=0.0 (ms)
[INFO] [tools] Cell loaded: (0, -7) - 14 objects (native)
[INFO] [streaming] Door 'PrisonMarker' -> building 'DivineMarker' (marker_divine.nif, dist=1.6m, seamless=true)
[INFO] [streaming] Door 'ex_nord_door_01' -> building 'ex_nord_doorf_01' (ex_nord_doorf_01.nif, dist=0.5m, seamless=true)
[INFO] [streaming] Door 'ex_common_door_01' -> building 'ex_common_entrance_02' (ex_common_entrance_02.nif, dist=0.2m, seamless=true)
[INFO] [streaming] Door 'Ex_imp_loaddoor_02' -> building 'ex_imp_wallent_02' (ex_imp_wallent_02.nif, dist=1.1m, seamless=true)
[INFO] [streaming] Door 'ex_imp_loaddoor_03' -> building 'ex_imp_kdoorframe_01' (ex_imp_kdoorframe_01.nif, dist=1.1m, seamless=true)
[INFO] [streaming] Door 'in_com_traptop_01' -> building 'ex_imp_towers_top_01' (ex_imp_towers_top_01.nif, dist=2.4m, seamless=true)
[INFO] [streaming] heartbeat sec=54 frame=256 fps=13.4 proc=98.1ms phys=0.2ms draws=6923 objs=9516 prims=2404k loaded=26 loading=6 reg_batches=277 reg_slots=3997
[INFO] [tools] Cell loaded: (0, -10) - 0 objects (native)
WARNING: [WARN] [streaming] Door 'door_cavern_doors10' -> NO building found (seamless=false, non_seamless_match=true)
   at: push_warning (core/variant/variant_utility.cpp:1034)
   GDScript backtrace (most recent call first):
       [0] _log (res://src/core/logging/logger.gd:80)
       [1] warn (res://src/core/logging/logger.gd:43)
       [2] _identify_building_for_door (res://src/core/world/interior_pocket_manager.gd:572)
       [3] register_exterior_cell_doors (res://src/core/world/interior_pocket_manager.gd:421)
       [4] _on_native_cell_loaded (res://src/tools/world_explorer.gd:1897)
       [5] _process_async_completions (res://src/core/world/native_streaming_manager.gd:1565)
       [6] _process (res://src/core/world/native_streaming_manager.gd:663)
[INFO] [tools] Cell loaded: (-4, -10) - 4 objects (native)
[INFO] [tools] Cell loaded: (0, -11) - 0 objects (native)
WARNING: [WARN] [streaming] Door 'door_cavern_doors10' -> NO building found (seamless=false, non_seamless_match=true)
   at: push_warning (core/variant/variant_utility.cpp:1034)
   GDScript backtrace (most recent call first):
       [0] _log (res://src/core/logging/logger.gd:80)
       [1] warn (res://src/core/logging/logger.gd:43)
       [2] _identify_building_for_door (res://src/core/world/interior_pocket_manager.gd:572)
       [3] register_exterior_cell_doors (res://src/core/world/interior_pocket_manager.gd:421)
       [4] _on_native_cell_loaded (res://src/tools/world_explorer.gd:1897)
       [5] _process_async_completions (res://src/core/world/native_streaming_manager.gd:1565)
       [6] _process (res://src/core/world/native_streaming_manager.gd:663)
[INFO] [tools] Cell loaded: (-5, -9) - 0 objects (native)
WARNING: [WARN] [streaming] Door 'ex_cave_door_01' -> NO building found (seamless=false, non_seamless_match=true)
   at: push_warning (core/variant/variant_utility.cpp:1034)
   GDScript backtrace (most recent call first):
       [0] _log (res://src/core/logging/logger.gd:80)
       [1] warn (res://src/core/logging/logger.gd:43)
       [2] _identify_building_for_door (res://src/core/world/interior_pocket_manager.gd:572)
       [3] register_exterior_cell_doors (res://src/core/world/interior_pocket_manager.gd:421)
       [4] _on_native_cell_loaded (res://src/tools/world_explorer.gd:1897)
       [5] _process_async_completions (res://src/core/world/native_streaming_manager.gd:1565)
       [6] _process (res://src/core/world/native_streaming_manager.gd:663)
[INFO] [streaming] Door 'ex_velothi_loaddoor_01' -> building 'ex_velothi_entrance_02' (ex_velothi_entrance_02.nif, dist=2.8m, seamless=true)
[INFO] [tools] Cell loaded: (-2, -12) - 0 objects (native)
[INFO] [impostors] Benchmark: 8723 impostors, 256 tex layers, 11111 pending cells, mm_instances=0
[INFO] [streaming] [audit +30s] fps=8 proc=187.4ms frame=48.6ms queue=175 burst=N | unload=0.0 async=0.0 inst=27.1 promo=0.0 coll=0.0 defer=0.0 (ms)
WARNING: [WARN] [streaming] Frame overrun: 22.5ms [cellupd:0.0 unload:0.0 async:0.0 inst:2.4 promo:0.0 coll:0.3 defer:0.0 queue:0.0] (budget:8.0ms, overruns:288)
   at: push_warning (core/variant/variant_utility.cpp:1034)
   GDScript backtrace (most recent call first):
       [0] _log (res://src/core/logging/logger.gd:80)
       [1] warn (res://src/core/logging/logger.gd:43)
       [2] _process (res://src/core/world/native_streaming_manager.gd:745)
[INFO] [tools] Cell loaded: (-2, -6) - 0 objects (native)
WARNING: [WARN] [streaming] Door 'ex_cave_door_01' -> NO building found (seamless=false, non_seamless_match=true)
   at: push_warning (core/variant/variant_utility.cpp:1034)
   GDScript backtrace (most recent call first):
       [0] _log (res://src/core/logging/logger.gd:80)
       [1] warn (res://src/core/logging/logger.gd:43)
       [2] _identify_building_for_door (res://src/core/world/interior_pocket_manager.gd:572)
       [3] register_exterior_cell_doors (res://src/core/world/interior_pocket_manager.gd:421)
       [4] _on_native_cell_loaded (res://src/tools/world_explorer.gd:1897)
       [5] _process_async_completions (res://src/core/world/native_streaming_manager.gd:1565)
       [6] _process (res://src/core/world/native_streaming_manager.gd:663)
[INFO] [streaming] heartbeat sec=59 frame=309 fps=10.6 proc=187.4ms phys=0.2ms draws=6938 objs=9531 prims=2409k loaded=31 loading=5 reg_batches=289 reg_slots=4730
[INFO] [tools] Cell loaded: (1, -9) - 0 objects (native)
[INFO] [tools] Cell loaded: (1, -8) - 3 objects (native)
[INFO] [streaming] Door 'hlaalu_loaddoor_ 02' -> building 'ex_hlaalu_buttress_05' (ex_hlaalu_buttress_05.nif, dist=3.8m, seamless=true)
[INFO] [tools] Cell loaded: (1, -10) - 0 objects (native)
[INFO] [tools] Cell loaded: (-3, -12) - 0 objects (native)
[INFO] [tools] Cell loaded: (-1, -12) - 0 objects (native)
[INFO] [impostors] Benchmark: 10907 impostors, 256 tex layers, 11051 pending cells, mm_instances=0
[INFO] [tools] Cell loaded: (-5, -10) - 0 objects (native)
[INFO] [streaming] [audit +35s] fps=9 proc=187.5ms frame=43.4ms queue=207 burst=N | unload=0.0 async=0.0 inst=23.2 promo=0.0 coll=0.0 defer=0.0 (ms)
[INFO] [streaming] heartbeat sec=64 frame=358 fps=9.8 proc=187.5ms phys=0.2ms draws=6938 objs=9530 prims=2409k loaded=37 loading=5 reg_batches=289 reg_slots=5087
WARNING: [WARN] [streaming] Frame overrun: 45.0ms [cellupd:0.0 unload:0.0 async:0.0 inst:24.5 promo:0.0 coll:0.0 defer:0.0 queue:0.0] (budget:8.0ms, overruns:347)
   at: push_warning (core/variant/variant_utility.cpp:1034)
   GDScript backtrace (most recent call first):
       [0] _log (res://src/core/logging/logger.gd:80)
       [1] warn (res://src/core/logging/logger.gd:43)
       [2] _process (res://src/core/world/native_streaming_manager.gd:745)
[INFO] [tools] Cell loaded: (1, -11) - 0 objects (native)
[INFO] [tools] Cell loaded: (-5, -8) - 0 objects (native)
[INFO] [tools] Cell loaded: (-3, -6) - 0 objects (native)
[INFO] [tools] Cell loaded: (-1, -6) - 0 objects (native)
[INFO] [tools] Cell loaded: (-5, -11) - 0 objects (native)
[INFO] [tools] Cell loaded: (-4, -12) - 0 objects (native)
[INFO] [impostors] Benchmark: 13353 impostors, 256 tex layers, 10972 pending cells, mm_instances=0
[INFO] [streaming] [audit +40s] fps=11 proc=158.5ms frame=29.8ms queue=187 burst=N | unload=0.0 async=0.0 inst=2.4 promo=5.8 coll=0.0 defer=0.0 (ms)
[INFO] [streaming] heartbeat sec=69 frame=413 fps=11.0 proc=158.5ms phys=0.2ms draws=6938 objs=9532 prims=2409k loaded=44 loading=6 reg_batches=305 reg_slots=5802
WARNING: [WARN] [streaming] Frame overrun: 48.9ms [cellupd:0.0 unload:0.0 async:0.0 inst:27.7 promo:0.0 coll:0.0 defer:0.0 queue:0.0] (budget:8.0ms, overruns:407)
   at: push_warning (core/variant/variant_utility.cpp:1034)
   GDScript backtrace (most recent call first):
       [0] _log (res://src/core/logging/logger.gd:80)
       [1] warn (res://src/core/logging/logger.gd:43)
       [2] _process (res://src/core/world/native_streaming_manager.gd:745)
[INFO] [tools] Cell loaded: (-5, -7) - 0 objects (native)
WARNING: [WARN] [streaming] Door 'ex_de_ship_trapdoor' -> NO building found (seamless=false, non_seamless_match=false)
   at: push_warning (core/variant/variant_utility.cpp:1034)
   GDScript backtrace (most recent call first):
       [0] _log (res://src/core/logging/logger.gd:80)
       [1] warn (res://src/core/logging/logger.gd:43)
       [2] _identify_building_for_door (res://src/core/world/interior_pocket_manager.gd:572)
       [3] register_exterior_cell_doors (res://src/core/world/interior_pocket_manager.gd:421)
       [4] _on_native_cell_loaded (res://src/tools/world_explorer.gd:1897)
       [5] _process_async_completions (res://src/core/world/native_streaming_manager.gd:1565)
       [6] _process (res://src/core/world/native_streaming_manager.gd:663)
WARNING: [WARN] [streaming] Door 'Ex_DE_ship_cabindoor' -> NO building found (seamless=false, non_seamless_match=false)
   at: push_warning (core/variant/variant_utility.cpp:1034)
   GDScript backtrace (most recent call first):
       [0] _log (res://src/core/logging/logger.gd:80)
       [1] warn (res://src/core/logging/logger.gd:43)
       [2] _identify_building_for_door (res://src/core/world/interior_pocket_manager.gd:572)
       [3] register_exterior_cell_doors (res://src/core/world/interior_pocket_manager.gd:421)
       [4] _on_native_cell_loaded (res://src/tools/world_explorer.gd:1897)
       [5] _process_async_completions (res://src/core/world/native_streaming_manager.gd:1565)
       [6] _process (res://src/core/world/native_streaming_manager.gd:663)
[INFO] [impostors] Benchmark: 15663 impostors, 256 tex layers, 10901 pending cells, mm_instances=13353
[INFO] [tools] Cell loaded: (1, -7) - 0 objects (native)
WARNING: [WARN] [streaming] Door 'ex_cave_door_01' -> NO building found (seamless=false, non_seamless_match=true)
   at: push_warning (core/variant/variant_utility.cpp:1034)
   GDScript backtrace (most recent call first):
       [0] _log (res://src/core/logging/logger.gd:80)
       [1] warn (res://src/core/logging/logger.gd:43)
       [2] _identify_building_for_door (res://src/core/world/interior_pocket_manager.gd:572)
       [3] register_exterior_cell_doors (res://src/core/world/interior_pocket_manager.gd:421)
       [4] _on_native_cell_loaded (res://src/tools/world_explorer.gd:1897)
       [5] _process_async_completions (res://src/core/world/native_streaming_manager.gd:1565)
       [6] _process (res://src/core/world/native_streaming_manager.gd:663)
[INFO] [tools] Cell loaded: (0, -12) - 0 objects (native)
[INFO] [tools] Cell loaded: (-4, -6) - 0 objects (native)
[INFO] [tools] Cell loaded: (-2, -13) - 0 objects (native)
[INFO] [tools] Cell loaded: (-6, -9) - 0 objects (native)
[INFO] [tools] Cell loaded: (0, -6) - 0 objects (native)
WARNING: [WARN] [streaming] Door 'ex_cave_door_01' -> NO building found (seamless=false, non_seamless_match=true)
   at: push_warning (core/variant/variant_utility.cpp:1034)
   GDScript backtrace (most recent call first):
       [0] _log (res://src/core/logging/logger.gd:80)
       [1] warn (res://src/core/logging/logger.gd:43)
       [2] _identify_building_for_door (res://src/core/world/interior_pocket_manager.gd:572)
       [3] register_exterior_cell_doors (res://src/core/world/interior_pocket_manager.gd:421)
       [4] _on_native_cell_loaded (res://src/tools/world_explorer.gd:1897)
       [5] _process_async_completions (res://src/core/world/native_streaming_manager.gd:1565)
       [6] _process (res://src/core/world/native_streaming_manager.gd:663)
[INFO] [tools] Cell loaded: (-6, -8) - 0 objects (native)
[INFO] [streaming] heartbeat sec=74 frame=464 fps=10.2 proc=131.4ms phys=0.3ms draws=6938 objs=9528 prims=2409k loaded=52 loading=6 reg_batches=313 reg_slots=6424
[INFO] [tools] Cell loaded: (-2, -5) - 0 objects (native)
[INFO] [streaming] Door 'ex_cave_door_01' -> building 'ex_de_cave_entrance_01' (ex_de_cave_entrance_01.nif, dist=0.2m, seamless=true)
[INFO] [streaming] [audit +46s] fps=11 proc=124.7ms frame=32.0ms queue=399 burst=N | unload=0.0 async=0.0 inst=32.0 promo=0.0 coll=0.0 defer=0.0 (ms)
WARNING: [WARN] [streaming] Frame overrun: 49.1ms [cellupd:0.0 unload:0.0 async:0.0 inst:26.6 promo:0.0 coll:0.0 defer:0.0 queue:0.0] (budget:8.0ms, overruns:468)
   at: push_warning (core/variant/variant_utility.cpp:1034)
   GDScript backtrace (most recent call first):
       [0] _log (res://src/core/logging/logger.gd:80)
       [1] warn (res://src/core/logging/logger.gd:43)
       [2] _process (res://src/core/world/native_streaming_manager.gd:745)
[INFO] [impostors] Benchmark: 18217 impostors, 256 tex layers, 10803 pending cells, mm_instances=13353
[INFO] [tools] Cell loaded: (-1, -5) - 0 objects (native)
[INFO] [tools] Cell loaded: (-3, -5) - 0 objects (native)
[INFO] [streaming] Door 'door_cavern_doors10' -> building 'ex_cave_entrance_ma_lava' (ex_ma_cave_entrance_lava.nif, dist=2.3m, seamless=true)
[INFO] [streaming] Door 'door_cavern_vassir_un' -> building 'ex_de_cave_entrance_01' (ex_de_cave_entrance_01.nif, dist=0.8m, seamless=true)
[INFO] [tools] Cell loaded: (-6, -10) - 0 objects (native)
[INFO] [streaming] heartbeat sec=79 frame=525 fps=12.2 proc=111.6ms phys=0.3ms draws=6948 objs=9554 prims=2410k loaded=55 loading=5 reg_batches=337 reg_slots=7088
[INFO] [streaming] [audit +51s] fps=12 proc=208.2ms frame=49.0ms queue=17 burst=N | unload=0.0 async=0.0 inst=24.2 promo=0.0 coll=0.0 defer=0.0 (ms)
[INFO] [tools] Cell loaded: (2, -9) - 0 objects (native)
[INFO] [streaming] Door 'ex_velothi_loaddoor_01' -> building 'ex_velothi_entrance_02' (ex_velothi_entrance_02.nif, dist=2.9m, seamless=false)
[INFO] [tools] Cell loaded: (2, -8) - 3 objects (native)
[INFO] [tools] Cell loaded: (-1, -13) - 0 objects (native)
[INFO] [tools] Cell loaded: (-3, -13) - 0 objects (native)
[INFO] [tools] Cell loaded: (-5, -12) - 0 objects (native)
[INFO] [tools] Cell loaded: (1, -6) - 0 objects (native)
WARNING: [WARN] [streaming] Door 'Ex_DE_ship_cabindoor' -> NO building found (seamless=false, non_seamless_match=false)
   at: push_warning (core/variant/variant_utility.cpp:1034)
   GDScript backtrace (most recent call first):
       [0] _log (res://src/core/logging/logger.gd:80)
       [1] warn (res://src/core/logging/logger.gd:43)
       [2] _identify_building_for_door (res://src/core/world/interior_pocket_manager.gd:572)
       [3] register_exterior_cell_doors (res://src/core/world/interior_pocket_manager.gd:421)
       [4] _on_native_cell_loaded (res://src/tools/world_explorer.gd:1897)
       [5] _process_async_completions (res://src/core/world/native_streaming_manager.gd:1565)
       [6] _process (res://src/core/world/native_streaming_manager.gd:663)
WARNING: [WARN] [streaming] Door 'ex_de_ship_trapdoor' -> NO building found (seamless=false, non_seamless_match=false)
   at: push_warning (core/variant/variant_utility.cpp:1034)
   GDScript backtrace (most recent call first):
       [0] _log (res://src/core/logging/logger.gd:80)
       [1] warn (res://src/core/logging/logger.gd:43)
       [2] _identify_building_for_door (res://src/core/world/interior_pocket_manager.gd:572)
       [3] register_exterior_cell_doors (res://src/core/world/interior_pocket_manager.gd:421)
       [4] _on_native_cell_loaded (res://src/tools/world_explorer.gd:1897)
       [5] _process_async_completions (res://src/core/world/native_streaming_manager.gd:1565)
       [6] _process (res://src/core/world/native_streaming_manager.gd:663)
[INFO] [impostors] Benchmark: 21002 impostors, 256 tex layers, 10704 pending cells, mm_instances=13353
WARNING: [WARN] [streaming] Frame overrun: 31.9ms [cellupd:0.0 unload:0.0 async:0.0 inst:2.4 promo:0.0 coll:0.3 defer:0.0 queue:5.3] (budget:8.0ms, overruns:527)
   at: push_warning (core/variant/variant_utility.cpp:1034)
   GDScript backtrace (most recent call first):
       [0] _log (res://src/core/logging/logger.gd:80)
       [1] warn (res://src/core/logging/logger.gd:43)
       [2] _process (res://src/core/world/native_streaming_manager.gd:745)
[INFO] [tools] Cell loaded: (-5, -6) - 0 objects (native)
[INFO] [tools] Cell loaded: (-6, -7) - 0 objects (native)
[INFO] [streaming] heartbeat sec=84 frame=576 fps=10.2 proc=122.9ms phys=0.2ms draws=6948 objs=9555 prims=2410k loaded=63 loading=5 reg_batches=341 reg_slots=7779
[INFO] [streaming] [audit +56s] fps=10 proc=152.9ms frame=48.9ms queue=44 burst=N | unload=0.0 async=0.0 inst=24.9 promo=0.0 coll=0.0 defer=0.0 (ms)
[INFO] [tools] Cell loaded: (0, -13) - 0 objects (native)
ERROR: Attempting to initialize the wrong RID
   at: get_or_null (./core/templates/rid_owner.h:250)
ERROR: Parameter "mem" is null.
   at: initialize_rid (./core/templates/rid_owner.h:294)
ERROR: Parameter "occluder" is null.
   at: occluder_set_mesh (modules/raycast/raycast_occlusion_cull.cpp:207)
ERROR: Parameter "occluder" is null.
   at: occluder_set_mesh (modules/raycast/raycast_occlusion_cull.cpp:207)
[INFO] [tools] Cell loaded: (-4, -13) - 0 objects (native)
ERROR: unimplemented base type encountered in renderer scene cull
   at: instance_set_base (servers/rendering/renderer_scene_cull.cpp:696)
   GDScript backtrace (most recent call first):
       [0] _instantiate_from_scene (res://src/core/world/model_loader.gd:595)
       [1] _drain_pending_instantiate_queue (res://src/core/world/model_loader.gd:569)
       [2] process_async_loads (res://src/core/world/model_loader.gd:441)
       [3] process_async_disk_loads (res://src/core/world/cell_manager.gd:1269)
       [4] process_async_instantiation (res://src/core/world/cell_manager.gd:1305)
       [5] _process (res://src/core/world/native_streaming_manager.gd:679)
[INFO] [impostors] Benchmark: 23954 impostors, 256 tex layers, 10590 pending cells, mm_instances=13353
WARNING: [WARN] [streaming] Frame overrun: 51.0ms [cellupd:0.0 unload:0.0 async:0.0 inst:25.0 promo:0.0 coll:0.0 defer:0.0 queue:0.0] (budget:8.0ms, overruns:586)
   at: push_warning (core/variant/variant_utility.cpp:1034)
   GDScript backtrace (most recent call first):
       [0] _log (res://src/core/logging/logger.gd:80)
       [1] warn (res://src/core/logging/logger.gd:43)
       [2] _process (res://src/core/world/native_streaming_manager.gd:745)
[INFO] [tools] Cell loaded: (2, -7) - 16 objects (native)
[INFO] [streaming] Door 'hlaal_loaddoor_01' -> building 'ex_hlaalu_b_12' (ex_hlaalu_b_12.nif, dist=4.5m, seamless=true)
[INFO] [streaming] Door 'Ex_De_Shack_Door' -> building 'ex_de_shack_01' (ex_de_shack_01.nif, dist=4.1m, seamless=false)
[INFO] [tools] Cell loaded: (0, -5) - 0 objects (native)
[INFO] [tools] Cell loaded: (-6, -11) - 0 objects (native)
[INFO] [streaming] heartbeat sec=89 frame=634 fps=11.6 proc=182.0ms phys=0.2ms draws=6968 objs=9638 prims=2415k loaded=69 loading=6 reg_batches=386 reg_slots=8335
[INFO] [impostors] Benchmark: 26283 impostors, 256 tex layers, 10479 pending cells, mm_instances=25373
WARNING: [WARN] [streaming] Frame overrun: 60.4ms [cellupd:0.0 unload:0.0 async:0.0 inst:32.5 promo:0.0 coll:0.0 defer:0.0 queue:0.0] (budget:8.0ms, overruns:631)
   at: push_warning (core/variant/variant_utility.cpp:1034)
   GDScript backtrace (most recent call first):
       [0] _log (res://src/core/logging/logger.gd:80)
       [1] warn (res://src/core/logging/logger.gd:43)
       [2] _process (res://src/core/world/native_streaming_manager.gd:745)
[INFO] [streaming] heartbeat sec=94 frame=682 fps=9.6 proc=122.4ms phys=0.2ms draws=6968 objs=9638 prims=2415k loaded=69 loading=6 reg_batches=391 reg_slots=8464
[INFO] [tools] Cell loaded: (-4, -5) - 0 objects (native)
[INFO] [streaming] Door 'door_cavern_doors10' -> building 'ex_de_cave_entrance_01' (ex_de_cave_entrance_01.nif, dist=1.0m, seamless=true)
[INFO] [tools] Cell loaded: (2, -11) - 10 objects (native)
[INFO] [streaming] Door 'ex_velothi_loaddoor_01' -> building 'ex_vivec_ent_t_01' (ex_vivec_ent_t_01.nif, dist=1.4m, seamless=true)
WARNING: [WARN] [streaming] Door 'Ex_V_cantondoor_01' -> NO building found (seamless=false, non_seamless_match=false)
   at: push_warning (core/variant/variant_utility.cpp:1034)
   GDScript backtrace (most recent call first):
       [0] _log (res://src/core/logging/logger.gd:80)
       [1] warn (res://src/core/logging/logger.gd:43)
       [2] _identify_building_for_door (res://src/core/world/interior_pocket_manager.gd:572)
       [3] register_exterior_cell_doors (res://src/core/world/interior_pocket_manager.gd:421)
       [4] _on_native_cell_loaded (res://src/tools/world_explorer.gd:1897)
       [5] _process_async_completions (res://src/core/world/native_streaming_manager.gd:1565)
       [6] _process (res://src/core/world/native_streaming_manager.gd:663)
[INFO] [tools] Cell loaded: (-7, -9) - 0 objects (native)
[INFO] [impostors] Benchmark: 28349 impostors, 256 tex layers, 10378 pending cells, mm_instances=25373
[INFO] [streaming] heartbeat sec=99 frame=727 fps=9.0 proc=176.3ms phys=0.2ms draws=6973 objs=9639 prims=2415k loaded=72 loading=6 reg_batches=400 reg_slots=8699
WARNING: [WARN] [streaming] Frame overrun: 54.3ms [cellupd:0.0 unload:0.0 async:0.0 inst:26.2 promo:0.0 coll:0.0 defer:0.0 queue:0.0] (budget:8.0ms, overruns:691)
   at: push_warning (core/variant/variant_utility.cpp:1034)
   GDScript backtrace (most recent call first):
       [0] _log (res://src/core/logging/logger.gd:80)
       [1] warn (res://src/core/logging/logger.gd:43)
       [2] _process (res://src/core/world/native_streaming_manager.gd:745)
[INFO] [tools] Cell loaded: (1, -5) - 0 objects (native)
[INFO] [tools] Cell loaded: (-6, -12) - 0 objects (native)
[INFO] [impostors] Benchmark: 29994 impostors, 256 tex layers, 10280 pending cells, mm_instances=29310
[INFO] [streaming] heartbeat sec=104 frame=765 fps=7.6 proc=217.2ms phys=0.2ms draws=6977 objs=9762 prims=2422k loaded=73 loading=5 reg_batches=411 reg_slots=8953
[INFO] [tools] Cell loaded: (1, -13) - 70 objects (native)
[INFO] [streaming] Door 'PrisonMarker' -> building 'furn_com_lantern_hook' (furn_com_lantern_hook.nif, dist=1.6m, seamless=true)
[INFO] [streaming] Door 'Ex_imp_loaddoor_02' -> building 'ex_imp_wallent_02' (ex_imp_wallent_02.nif, dist=1.1m, seamless=true)
WARNING: [WARN] [streaming] Door 'in_com_traptop_01' -> NO building found (seamless=false, non_seamless_match=false)
   at: push_warning (core/variant/variant_utility.cpp:1034)
   GDScript backtrace (most recent call first):
       [0] _log (res://src/core/logging/logger.gd:80)
       [1] warn (res://src/core/logging/logger.gd:43)
       [2] _identify_building_for_door (res://src/core/world/interior_pocket_manager.gd:572)
       [3] register_exterior_cell_doors (res://src/core/world/interior_pocket_manager.gd:421)
       [4] _on_native_cell_loaded (res://src/tools/world_explorer.gd:1897)
       [5] _process_async_completions (res://src/core/world/native_streaming_manager.gd:1565)
       [6] _process (res://src/core/world/native_streaming_manager.gd:663)
[INFO] [streaming] Door 'ex_imp_loaddoor_03' -> building 'ex_imp_kdoorframe_01' (ex_imp_kdoorframe_01.nif, dist=1.0m, seamless=true)
[INFO] [streaming] Door 'ex_common_door_01' -> building 'ex_common_entrance_02' (ex_common_entrance_02.nif, dist=0.1m, seamless=true)
[INFO] [tools] Cell loaded: (2, -12) - 0 objects (native)
[INFO] [impostors] Benchmark: 31426 impostors, 256 tex layers, 10157 pending cells, mm_instances=29310
WARNING: [WARN] [streaming] Frame overrun: 59.2ms [cellupd:0.0 unload:0.0 async:0.0 inst:29.1 promo:0.0 coll:0.0 defer:0.0 queue:0.0] (budget:8.0ms, overruns:752)
   at: push_warning (core/variant/variant_utility.cpp:1034)
   GDScript backtrace (most recent call first):
       [0] _log (res://src/core/logging/logger.gd:80)
       [1] warn (res://src/core/logging/logger.gd:43)
       [2] _process (res://src/core/world/native_streaming_manager.gd:745)
[INFO] [tools] Cell loaded: (3, -9) - 0 objects (native)
WARNING: [WARN] [streaming] Door 'door_cavern_doors10' -> NO building found (seamless=false, non_seamless_match=true)
   at: push_warning (core/variant/variant_utility.cpp:1034)
   GDScript backtrace (most recent call first):
       [0] _log (res://src/core/logging/logger.gd:80)
       [1] warn (res://src/core/logging/logger.gd:43)
       [2] _identify_building_for_door (res://src/core/world/interior_pocket_manager.gd:572)
       [3] register_exterior_cell_doors (res://src/core/world/interior_pocket_manager.gd:421)
       [4] _on_native_cell_loaded (res://src/tools/world_explorer.gd:1897)
       [5] _process_async_completions (res://src/core/world/native_streaming_manager.gd:1565)
       [6] _process (res://src/core/world/native_streaming_manager.gd:663)
[INFO] [streaming] heartbeat sec=109 frame=806 fps=8.2 proc=133.6ms phys=0.2ms draws=6985 objs=9778 prims=2423k loaded=77 loading=6 reg_batches=418 reg_slots=9399
[INFO] [tools] Cell loaded: (-5, -5) - 5 objects (native)
[INFO] [streaming] Door 'ex_h_pcfort_exdoor_ 01' -> building 'ex_h_pcfort_01' (ex_hlaalu_b_12.nif, dist=3.7m, seamless=true)
[INFO] [streaming] Door 'ex_h_pcfort_exdoor_ 03' -> building 'ex_h_pcfort_04' (ex_hlaalu_b_16.nif, dist=3.0m, seamless=true)
[INFO] [streaming] Door 'ex_h_pcfort_exdoor_ 02' -> building 'ex_h_pcfort_02' (ex_hlaalu_b_13.nif, dist=1.9m, seamless=true)
WARNING: [WARN] [streaming] Door 'ex_h_pcfort_trapdoor_01-2' -> NO building found (seamless=false, non_seamless_match=false)
   at: push_warning (core/variant/variant_utility.cpp:1034)
   GDScript backtrace (most recent call first):
       [0] _log (res://src/core/logging/logger.gd:80)
       [1] warn (res://src/core/logging/logger.gd:43)
       [2] _identify_building_for_door (res://src/core/world/interior_pocket_manager.gd:572)
       [3] register_exterior_cell_doors (res://src/core/world/interior_pocket_manager.gd:421)
       [4] _on_native_cell_loaded (res://src/tools/world_explorer.gd:1897)
       [5] _process_async_completions (res://src/core/world/native_streaming_manager.gd:1565)
       [6] _process (res://src/core/world/native_streaming_manager.gd:663)
[INFO] [tools] Cell loaded: (-2, -4) - 0 objects (native)
[INFO] [impostors] Benchmark: 32962 impostors, 256 tex layers, 10028 pending cells, mm_instances=29310
[INFO] [tools] Cell loaded: (-5, -13) - 0 objects (native)
[INFO] [tools] Cell loaded: (-2, -14) - 0 objects (native)
[INFO] [tools] Cell loaded: (2, -6) - 5 objects (native)
WARNING: [WARN] [streaming] Door 'hlaal_loaddoor_01' -> NO building found (seamless=false, non_seamless_match=false)
   at: push_warning (core/variant/variant_utility.cpp:1034)
   GDScript backtrace (most recent call first):
       [0] _log (res://src/core/logging/logger.gd:80)
       [1] warn (res://src/core/logging/logger.gd:43)
       [2] _identify_building_for_door (res://src/core/world/interior_pocket_manager.gd:572)
       [3] register_exterior_cell_doors (res://src/core/world/interior_pocket_manager.gd:421)
       [4] _on_native_cell_loaded (res://src/tools/world_explorer.gd:1897)
       [5] _process_async_completions (res://src/core/world/native_streaming_manager.gd:1565)
       [6] _process (res://src/core/world/native_streaming_manager.gd:663)
[INFO] [streaming] Door 'Ex_De_Shack_Door' -> building 'ex_de_shack_awning_01' (ex_de_shack_awning_01.nif, dist=1.4m, seamless=true)
WARNING: [WARN] [streaming] Frame overrun: 12.8ms [cellupd:0.0 unload:0.0 async:6.0 inst:0.0 promo:6.8 coll:0.0 defer:0.0 queue:0.0] (budget:8.0ms, overruns:809)
   at: push_warning (core/variant/variant_utility.cpp:1034)
   GDScript backtrace (most recent call first):
       [0] _log (res://src/core/logging/logger.gd:80)
       [1] warn (res://src/core/logging/logger.gd:43)
       [2] _process (res://src/core/world/native_streaming_manager.gd:745)
[INFO] [tools] Cell loaded: (-6, -6) - 0 objects (native)
WARNING: [WARN] [streaming] Door 'ex_cave_door_01' -> NO building found (seamless=false, non_seamless_match=true)
   at: push_warning (core/variant/variant_utility.cpp:1034)
   GDScript backtrace (most recent call first):
       [0] _log (res://src/core/logging/logger.gd:80)
       [1] warn (res://src/core/logging/logger.gd:43)
       [2] _identify_building_for_door (res://src/core/world/interior_pocket_manager.gd:572)
       [3] register_exterior_cell_doors (res://src/core/world/interior_pocket_manager.gd:421)
       [4] _on_native_cell_loaded (res://src/tools/world_explorer.gd:1897)
       [5] _process_async_completions (res://src/core/world/native_streaming_manager.gd:1565)
       [6] _process (res://src/core/world/native_streaming_manager.gd:663)
[INFO] [tools] Cell loaded: (-3, -14) - 0 objects (native)
[INFO] [streaming] heartbeat sec=114 frame=857 fps=10.2 proc=103.8ms phys=1.0ms draws=6990 objs=9813 prims=2424k loaded=83 loading=5 reg_batches=445 reg_slots=10102
[INFO] [tools] Cell loaded: (-1, -14) - 0 objects (native)
[INFO] [tools] Cell loaded: (-7, -8) - 0 objects (native)
[INFO] [tools] Cell loaded: (3, -8) - 1 objects (native)
[INFO] [streaming] Door 'hlaalu_loaddoor_ 02' -> building 'ex_hlaalu_buttress_05' (ex_hlaalu_buttress_05.nif, dist=2.9m, seamless=true)
[INFO] [tools] Cell loaded: (-7, -10) - 0 objects (native)
[INFO] [impostors] Benchmark: 34668 impostors, 256 tex layers, 9896 pending cells, mm_instances=29310
[INFO] [streaming] heartbeat sec=119 frame=903 fps=9.2 proc=132.4ms phys=0.2ms draws=6995 objs=9816 prims=2424k loaded=87 loading=5 reg_batches=449 reg_slots=10423
[INFO] [tools] Cell loaded: (-3, -4) - 0 objects (native)
WARNING: [WARN] [streaming] Frame overrun: 22.0ms [cellupd:0.0 unload:0.0 async:0.0 inst:22.0 promo:0.0 coll:0.0 defer:0.0 queue:0.0] (budget:8.0ms, overruns:865)
   at: push_warning (core/variant/variant_utility.cpp:1034)
   GDScript backtrace (most recent call first):
       [0] _log (res://src/core/logging/logger.gd:80)
       [1] warn (res://src/core/logging/logger.gd:43)
       [2] _process (res://src/core/world/native_streaming_manager.gd:745)
[INFO] [impostors] Benchmark: 36290 impostors, 256 tex layers, 9772 pending cells, mm_instances=29310
[INFO] [streaming] heartbeat sec=124 frame=950 fps=9.4 proc=135.5ms phys=0.2ms draws=6990 objs=9863 prims=2499k loaded=89 loading=6 reg_batches=453 reg_slots=10650
[INFO] [tools] Cell loaded: (-1, -4) - 0 objects (native)
[INFO] [tools] Cell loaded: (3, -10) - 14 objects (native)
[INFO] [streaming] Door 'ex_velothi_loaddoor_01' -> building 'ex_vivec_ent_b_01' (ex_vivec_ent_b_01.nif, dist=1.4m, seamless=true)
WARNING: [WARN] [streaming] Door 'Ex_V_cantondoor_01' -> NO building found (seamless=false, non_seamless_match=false)
   at: push_warning (core/variant/variant_utility.cpp:1034)
   GDScript backtrace (most recent call first):
       [0] _log (res://src/core/logging/logger.gd:80)
       [1] warn (res://src/core/logging/logger.gd:43)
       [2] _identify_building_for_door (res://src/core/world/interior_pocket_manager.gd:572)
       [3] register_exterior_cell_doors (res://src/core/world/interior_pocket_manager.gd:421)
       [4] _on_native_cell_loaded (res://src/tools/world_explorer.gd:1897)
       [5] _process_async_completions (res://src/core/world/native_streaming_manager.gd:1565)
       [6] _process (res://src/core/world/native_streaming_manager.gd:663)
[INFO] [tools] Cell loaded: (3, -11) - 22 objects (native)
[INFO] [streaming] Door 'ex_velothi_loaddoor_01' -> building 'ex_vivec_ent_t_01' (ex_vivec_ent_t_01.nif, dist=1.4m, seamless=true)
[INFO] [streaming] Door 'ex_vivec_grate_01' -> building 'ex_vivec_waterspout_03' (ex_vivec_waterspout_03.nif, dist=0.2m, seamless=true)
WARNING: [WARN] [streaming] Door 'Ex_V_cantondoor_01' -> NO building found (seamless=false, non_seamless_match=false)
   at: push_warning (core/variant/variant_utility.cpp:1034)
   GDScript backtrace (most recent call first):
       [0] _log (res://src/core/logging/logger.gd:80)
       [1] warn (res://src/core/logging/logger.gd:43)
       [2] _identify_building_for_door (res://src/core/world/interior_pocket_manager.gd:572)
       [3] register_exterior_cell_doors (res://src/core/world/interior_pocket_manager.gd:421)
       [4] _on_native_cell_loaded (res://src/tools/world_explorer.gd:1897)
       [5] _process_async_completions (res://src/core/world/native_streaming_manager.gd:1565)
       [6] _process (res://src/core/world/native_streaming_manager.gd:663)
WARNING: [WARN] [streaming] Frame overrun: 46.9ms [cellupd:0.0 unload:0.0 async:8.0 inst:4.5 promo:0.0 coll:0.0 defer:0.0 queue:0.0] (budget:8.0ms, overruns:923)
   at: push_warning (core/variant/variant_utility.cpp:1034)
   GDScript backtrace (most recent call first):
       [0] _log (res://src/core/logging/logger.gd:80)
       [1] warn (res://src/core/logging/logger.gd:43)
       [2] _process (res://src/core/world/native_streaming_manager.gd:745)
[INFO] [impostors] Benchmark: 37468 impostors, 256 tex layers, 9656 pending cells, mm_instances=36383
[INFO] [streaming] heartbeat sec=129 frame=992 fps=8.4 proc=136.5ms phys=0.2ms draws=6997 objs=9968 prims=2503k loaded=91 loading=5 reg_batches=474 reg_slots=11060
[INFO] [tools] Cell loaded: (-4, -4) - 1 objects (native)
WARNING: [WARN] [streaming] Door 'door_cavern_doors10' -> NO building found (seamless=false, non_seamless_match=true)
   at: push_warning (core/variant/variant_utility.cpp:1034)
   GDScript backtrace (most recent call first):
       [0] _log (res://src/core/logging/logger.gd:80)
       [1] warn (res://src/core/logging/logger.gd:43)
       [2] _identify_building_for_door (res://src/core/world/interior_pocket_manager.gd:572)
       [3] register_exterior_cell_doors (res://src/core/world/interior_pocket_manager.gd:421)
       [4] _on_native_cell_loaded (res://src/tools/world_explorer.gd:1897)
       [5] _process_async_completions (res://src/core/world/native_streaming_manager.gd:1565)
       [6] _process (res://src/core/world/native_streaming_manager.gd:663)
[INFO] [tools] Cell loaded: (-7, -11) - 0 objects (native)
[INFO] [tools] Cell loaded: (-4, -14) - 0 objects (native)
[INFO] [streaming] heartbeat sec=134 frame=1028 fps=7.2 proc=233.3ms phys=0.2ms draws=6997 objs=9970 prims=2507k loaded=95 loading=6 reg_batches=476 reg_slots=11161
[INFO] [impostors] Benchmark: 38617 impostors, 256 tex layers, 9554 pending cells, mm_instances=37996
[INFO] [tools] Cell loaded: (0, -14) - 0 objects (native)
WARNING: [WARN] [streaming] Frame overrun: 68.8ms [cellupd:0.0 unload:0.0 async:0.0 inst:33.0 promo:0.0 coll:0.0 defer:0.0 queue:0.0] (budget:8.0ms, overruns:981)
   at: push_warning (core/variant/variant_utility.cpp:1034)
   GDScript backtrace (most recent call first):
       [0] _log (res://src/core/logging/logger.gd:80)
       [1] warn (res://src/core/logging/logger.gd:43)
       [2] _process (res://src/core/world/native_streaming_manager.gd:745)
[INFO] [tools] Cell loaded: (3, -7) - 0 objects (native)
[INFO] [streaming] heartbeat sec=139 frame=1065 fps=7.4 proc=163.5ms phys=0.2ms draws=6996 objs=9969 prims=2509k loaded=96 loading=5 reg_batches=477 reg_slots=11515
[INFO] [tools] Cell loaded: (0, -4) - 0 objects (native)
[INFO] [impostors] Benchmark: 39570 impostors, 256 tex layers, 9434 pending cells, mm_instances=38963
[INFO] [tools] Cell loaded: (-7, -7) - 0 objects (native)
WARNING: [WARN] [streaming] Frame overrun: 45.7ms [cellupd:0.0 unload:0.0 async:0.0 inst:4.0 promo:6.4 coll:0.0 defer:0.0 queue:0.0] (budget:8.0ms, overruns:1041)
   at: push_warning (core/variant/variant_utility.cpp:1034)
   GDScript backtrace (most recent call first):
       [0] _log (res://src/core/logging/logger.gd:80)
       [1] warn (res://src/core/logging/logger.gd:43)
       [2] _process (res://src/core/world/native_streaming_manager.gd:745)
[INFO] [tools] Cell loaded: (-6, -5) - 4 objects (native)
[INFO] [streaming] Door 'Ex_De_Shack_Door' -> building 'ex_de_shack_01' (ex_de_shack_01.nif, dist=4.1m, seamless=true)
[INFO] [tools] Cell loaded: (2, -13) - 30 objects (native)
[INFO] [streaming] Door 'Ex_imp_loaddoor_02' -> building 'ex_imp_wallent_02' (ex_imp_wallent_02.nif, dist=1.1m, seamless=true)
WARNING: [WARN] [streaming] Door 'in_com_traptop_01' -> NO building found (seamless=false, non_seamless_match=false)
   at: push_warning (core/variant/variant_utility.cpp:1034)
   GDScript backtrace (most recent call first):
       [0] _log (res://src/core/logging/logger.gd:80)
       [1] warn (res://src/core/logging/logger.gd:43)
       [2] _identify_building_for_door (res://src/core/world/interior_pocket_manager.gd:572)
       [3] register_exterior_cell_doors (res://src/core/world/interior_pocket_manager.gd:421)
       [4] _on_native_cell_loaded (res://src/tools/world_explorer.gd:1897)
       [5] _process_async_completions (res://src/core/world/native_streaming_manager.gd:1565)
       [6] _process (res://src/core/world/native_streaming_manager.gd:663)
WARNING: [WARN] [streaming] Door 'ex_de_ship_trapdoor' -> NO building found (seamless=false, non_seamless_match=false)
   at: push_warning (core/variant/variant_utility.cpp:1034)
   GDScript backtrace (most recent call first):
       [0] _log (res://src/core/logging/logger.gd:80)
       [1] warn (res://src/core/logging/logger.gd:43)
       [2] _identify_building_for_door (res://src/core/world/interior_pocket_manager.gd:572)
       [3] register_exterior_cell_doors (res://src/core/world/interior_pocket_manager.gd:421)
       [4] _on_native_cell_loaded (res://src/tools/world_explorer.gd:1897)
       [5] _process_async_completions (res://src/core/world/native_streaming_manager.gd:1565)
       [6] _process (res://src/core/world/native_streaming_manager.gd:663)
WARNING: [WARN] [streaming] Door 'Ex_DE_ship_cabindoor' -> NO building found (seamless=false, non_seamless_match=false)
   at: push_warning (core/variant/variant_utility.cpp:1034)
   GDScript backtrace (most recent call first):
       [0] _log (res://src/core/logging/logger.gd:80)
       [1] warn (res://src/core/logging/logger.gd:43)
       [2] _identify_building_for_door (res://src/core/world/interior_pocket_manager.gd:572)
       [3] register_exterior_cell_doors (res://src/core/world/interior_pocket_manager.gd:421)
       [4] _on_native_cell_loaded (res://src/tools/world_explorer.gd:1897)
       [5] _process_async_completions (res://src/core/world/native_streaming_manager.gd:1565)
       [6] _process (res://src/core/world/native_streaming_manager.gd:663)
[INFO] [tools] Cell loaded: (-6, -13) - 0 objects (native)
[INFO] [tools] Cell loaded: (-5, -14) - 0 objects (native)
[INFO] [streaming] heartbeat sec=144 frame=1113 fps=9.6 proc=144.0ms phys=0.2ms draws=7008 objs=10043 prims=2513k loaded=102 loading=5 reg_batches=499 reg_slots=12244
[INFO] [impostors] Benchmark: 40829 impostors, 256 tex layers, 9281 pending cells, mm_instances=38963
[INFO] [tools] Cell loaded: (2, -5) - 2 objects (native)
[INFO] [streaming] Door 'Ex_De_Shack_Door' -> building 'ex_de_shack_02' (ex_de_shack_02.nif, dist=3.4m, seamless=true)
[INFO] [streaming] heartbeat sec=149 frame=1151 fps=7.6 proc=149.9ms phys=0.2ms draws=7004 objs=10043 prims=2513k loaded=104 loading=6 reg_batches=500 reg_slots=12414
WARNING: [WARN] [streaming] Frame overrun: 64.6ms [cellupd:0.0 unload:0.0 async:0.0 inst:27.9 promo:0.0 coll:0.0 defer:0.0 queue:0.0] (budget:8.0ms, overruns:1100)
   at: push_warning (core/variant/variant_utility.cpp:1034)
   GDScript backtrace (most recent call first):
       [0] _log (res://src/core/logging/logger.gd:80)
       [1] warn (res://src/core/logging/logger.gd:43)
       [2] _process (res://src/core/world/native_streaming_manager.gd:745)
[INFO] [impostors] Benchmark: 42122 impostors, 256 tex layers, 9159 pending cells, mm_instances=38963
[INFO] [tools] Cell loaded: (1, -4) - 0 objects (native)
[INFO] [streaming] Door 'ex_velothi_loaddoor_01' -> building 'ex_velothi_entrance_02' (ex_velothi_entrance_02.nif, dist=2.9m, seamless=true)
[INFO] [tools] Cell loaded: (-7, -12) - 0 objects (native)
[INFO] [tools] Cell loaded: (1, -14) - 0 objects (native)
[INFO] [streaming] heartbeat sec=154 frame=1190 fps=7.8 proc=138.5ms phys=1.8ms draws=7019 objs=10084 prims=2514k loaded=107 loading=6 reg_batches=508 reg_slots=12993
[INFO] [tools] Cell loaded: (-7, -6) - 3 objects (native)
[INFO] [streaming] Door 'in_velothismall_ndoor_01' -> building 'ex_velothi_entrance_02' (ex_velothi_entrance_02.nif, dist=3.8m, seamless=true)
WARNING: [WARN] [streaming] Door 'ex_de_ship_trapdoor' -> NO building found (seamless=false, non_seamless_match=false)
   at: push_warning (core/variant/variant_utility.cpp:1034)
   GDScript backtrace (most recent call first):
       [0] _log (res://src/core/logging/logger.gd:80)
       [1] warn (res://src/core/logging/logger.gd:43)
       [2] _identify_building_for_door (res://src/core/world/interior_pocket_manager.gd:572)
       [3] register_exterior_cell_doors (res://src/core/world/interior_pocket_manager.gd:421)
       [4] _on_native_cell_loaded (res://src/tools/world_explorer.gd:1897)
       [5] _process_async_completions (res://src/core/world/native_streaming_manager.gd:1565)
       [6] _process (res://src/core/world/native_streaming_manager.gd:663)
[INFO] [streaming] Door 'Ex_DE_ship_cabindoor' -> building 'furn_hook_01' (furn_hook_01.nif, dist=1.6m, seamless=true)
[INFO] [tools] Cell loaded: (3, -12) - 17 objects (native)
[INFO] [streaming] Door 'ex_velothi_loaddoor_01' -> building 'ex_vivec_ent_t_01' (ex_vivec_ent_t_01.nif, dist=1.4m, seamless=true)
[INFO] [streaming] Door 'ex_vivec_grate_01' -> building 'ex_vivec_waterspout_03' (ex_vivec_waterspout_03.nif, dist=0.2m, seamless=true)
WARNING: [WARN] [streaming] Door 'Ex_V_cantondoor_01' -> NO building found (seamless=false, non_seamless_match=false)
   at: push_warning (core/variant/variant_utility.cpp:1034)
   GDScript backtrace (most recent call first):
       [0] _log (res://src/core/logging/logger.gd:80)
       [1] warn (res://src/core/logging/logger.gd:43)
       [2] _identify_building_for_door (res://src/core/world/interior_pocket_manager.gd:572)
       [3] register_exterior_cell_doors (res://src/core/world/interior_pocket_manager.gd:421)
       [4] _on_native_cell_loaded (res://src/tools/world_explorer.gd:1897)
       [5] _process_async_completions (res://src/core/world/native_streaming_manager.gd:1565)
       [6] _process (res://src/core/world/native_streaming_manager.gd:663)
ERROR: Attempting to initialize the wrong RID
   at: get_or_null (./core/templates/rid_owner.h:250)
   GDScript backtrace (most recent call first):
       [0] _instantiate_light (res://src/core/world/reference_instantiator.gd:426)
       [1] instantiate_reference (res://src/core/world/reference_instantiator.gd:182)
       [2] process_async_instantiation (res://src/core/world/cell_manager.gd:1465)
       [3] _process (res://src/core/world/native_streaming_manager.gd:679)
ERROR: Parameter "mem" is null.
   at: initialize_rid (./core/templates/rid_owner.h:294)
   GDScript backtrace (most recent call first):
       [0] _instantiate_light (res://src/core/world/reference_instantiator.gd:426)
       [1] instantiate_reference (res://src/core/world/reference_instantiator.gd:182)
       [2] process_async_instantiation (res://src/core/world/cell_manager.gd:1465)
       [3] _process (res://src/core/world/native_streaming_manager.gd:679)
ERROR: Parameter "occluder" is null.
   at: occluder_set_mesh (modules/raycast/raycast_occlusion_cull.cpp:207)
   GDScript backtrace (most recent call first):
       [0] _instantiate_light (res://src/core/world/reference_instantiator.gd:426)
       [1] instantiate_reference (res://src/core/world/reference_instantiator.gd:182)
       [2] process_async_instantiation (res://src/core/world/cell_manager.gd:1465)
       [3] _process (res://src/core/world/native_streaming_manager.gd:679)
ERROR: Parameter "occluder" is null.
   at: occluder_set_mesh (modules/raycast/raycast_occlusion_cull.cpp:207)
   GDScript backtrace (most recent call first):
       [0] _instantiate_light (res://src/core/world/reference_instantiator.gd:426)
       [1] instantiate_reference (res://src/core/world/reference_instantiator.gd:182)
       [2] process_async_instantiation (res://src/core/world/cell_manager.gd:1465)
       [3] _process (res://src/core/world/native_streaming_manager.gd:679)
[INFO] [impostors] Benchmark: 43808 impostors, 256 tex layers, 9001 pending cells, mm_instances=38963
WARNING: [WARN] [streaming] Frame overrun: 63.4ms [cellupd:0.0 unload:0.0 async:0.0 inst:26.2 promo:0.0 coll:0.0 defer:0.0 queue:0.0] (budget:8.0ms, overruns:1160)
   at: push_warning (core/variant/variant_utility.cpp:1034)
   GDScript backtrace (most recent call first):
       [0] _log (res://src/core/logging/logger.gd:80)
       [1] warn (res://src/core/logging/logger.gd:43)
       [2] _process (res://src/core/world/native_streaming_manager.gd:745)
[INFO] [streaming] heartbeat sec=159 frame=1237 fps=9.4 proc=147.5ms phys=0.2ms draws=7026 objs=10093 prims=2515k loaded=109 loading=6 reg_batches=508 reg_slots=13419
[INFO] [tools] Cell loaded: (3, -6) - 3 objects (native)
[INFO] [streaming] Door 'hlaalu_loaddoor_ 02' -> building 'ex_hlaalu_buttress_05' (ex_hlaalu_buttress_05.nif, dist=3.0m, seamless=true)
[INFO] [tools] Cell loaded: (-5, -4) - 0 objects (native)
[INFO] [impostors] Benchmark: 45500 impostors, 256 tex layers, 8817 pending cells, mm_instances=38963
[INFO] [tools] Cell loaded: (2, -4) - 0 objects (native)
[INFO] [tools] Cell loaded: (-6, -4) - 0 objects (native)
WARNING: [WARN] [streaming] Frame overrun: 20.1ms [cellupd:0.0 unload:0.0 async:0.0 inst:20.1 promo:0.0 coll:0.0 defer:0.0 queue:0.0] (budget:8.0ms, overruns:1219)
   at: push_warning (core/variant/variant_utility.cpp:1034)
   GDScript backtrace (most recent call first):
       [0] _log (res://src/core/logging/logger.gd:80)
       [1] warn (res://src/core/logging/logger.gd:43)
       [2] _process (res://src/core/world/native_streaming_manager.gd:745)
[INFO] [streaming] heartbeat sec=164 frame=1288 fps=10.2 proc=103.4ms phys=0.2ms draws=7026 objs=10093 prims=2515k loaded=113 loading=6 reg_batches=522 reg_slots=13942
[INFO] [tools] Cell loaded: (3, -5) - 0 objects (native)
[INFO] [tools] Cell loaded: (-7, -5) - 2 objects (native)
[INFO] [tools] Cell loaded: (-7, -13) - 0 objects (native)
[INFO] [impostors] Benchmark: 47625 impostors, 256 tex layers, 8448 pending cells, mm_instances=38963
[INFO] [tools] Cell loaded: (3, -13) - 2 objects (native)
WARNING: [WARN] [streaming] Door 'ex_velothi_loaddoor_01' -> NO building found (seamless=false, non_seamless_match=false)
   at: push_warning (core/variant/variant_utility.cpp:1034)
   GDScript backtrace (most recent call first):
       [0] _log (res://src/core/logging/logger.gd:80)
       [1] warn (res://src/core/logging/logger.gd:43)
       [2] _identify_building_for_door (res://src/core/world/interior_pocket_manager.gd:572)
       [3] register_exterior_cell_doors (res://src/core/world/interior_pocket_manager.gd:421)
       [4] _on_native_cell_loaded (res://src/tools/world_explorer.gd:1897)
       [5] _process_async_completions (res://src/core/world/native_streaming_manager.gd:1565)
       [6] _process (res://src/core/world/native_streaming_manager.gd:663)
WARNING: [WARN] [streaming] Door 'ex_velothi_loaddoor_02' -> NO building found (seamless=false, non_seamless_match=false)
   at: push_warning (core/variant/variant_utility.cpp:1034)
   GDScript backtrace (most recent call first):
       [0] _log (res://src/core/logging/logger.gd:80)
       [1] warn (res://src/core/logging/logger.gd:43)
       [2] _identify_building_for_door (res://src/core/world/interior_pocket_manager.gd:572)
       [3] register_exterior_cell_doors (res://src/core/world/interior_pocket_manager.gd:421)
       [4] _on_native_cell_loaded (res://src/tools/world_explorer.gd:1897)
       [5] _process_async_completions (res://src/core/world/native_streaming_manager.gd:1565)
       [6] _process (res://src/core/world/native_streaming_manager.gd:663)
[INFO] [streaming] Door 'Ex_V_palace_grate_02' -> building 'Ex_Vivec_pqs_01' (ex_vivec_pqs_01.nif, dist=4.2m, seamless=true)
[INFO] [streaming] Door 'ex_v_palace_grate_01' -> building 'Ex_Vivec_waterfall_03' (ex_vivec_waterfall_03.nif, dist=4.9m, seamless=true)
[INFO] [streaming] Door 'ex_vivec_grate_01' -> building 'ex_vivec_waterspout_03' (ex_vivec_waterspout_03.nif, dist=0.2m, seamless=true)
[INFO] [tools] Cell loaded: (2, -14) - 0 objects (native)
[INFO] [tools] Cell loaded: (-6, -14) - 0 objects (native)
[INFO] [streaming] heartbeat sec=169 frame=1359 fps=14.2 proc=86.8ms phys=0.3ms draws=7026 objs=10095 prims=2515k loaded=117 loading=4 reg_batches=535 reg_slots=14386
[INFO] [impostors] Screen-size histogram (51208 total impostors):
[INFO] [impostors]   <1px: 10829 (21.1%)
[INFO] [impostors]   1-2px: 14955 (29.2%)
[INFO] [impostors]   2-5px: 12696 (24.8%)
[INFO] [impostors]   5-10px: 7669 (15.0%)
[INFO] [impostors]   10+px: 5059 (9.9%)
[INFO] [impostors] Benchmark: 51208 impostors, 256 tex layers, 0 pending cells, mm_instances=51208
[INFO] [streaming] heartbeat sec=174 frame=1603 fps=48.8 proc=20.0ms phys=0.3ms draws=7026 objs=10094 prims=2540k loaded=117 loading=4 reg_batches=535 reg_slots=14386
[INFO] [impostors] Benchmark: 51208 impostors, 256 tex layers, 0 pending cells, mm_instances=51208
[INFO] [streaming] heartbeat sec=179 frame=1927 fps=64.8 proc=19.6ms phys=0.2ms draws=7026 objs=10094 prims=2540k loaded=117 loading=4 reg_batches=535 reg_slots=14386
[INFO] [impostors] Benchmark: 51208 impostors, 256 tex layers, 0 pending cells, mm_instances=51208
[INFO] [streaming] heartbeat sec=184 frame=2241 fps=62.8 proc=25.9ms phys=0.3ms draws=7026 objs=10094 prims=2540k loaded=117 loading=4 reg_batches=535 reg_slots=14386
[INFO] [impostors] Benchmark: 51208 impostors, 256 tex layers, 0 pending cells, mm_instances=51208
[INFO] [streaming] heartbeat sec=189 frame=2552 fps=62.2 proc=21.1ms phys=0.4ms draws=7026 objs=10094 prims=2540k loaded=117 loading=4 reg_batches=535 reg_slots=14386
[INFO] [impostors] Benchmark: 51208 impostors, 256 tex layers, 0 pending cells, mm_instances=51208
[INFO] [streaming] heartbeat sec=194 frame=2859 fps=61.4 proc=20.3ms phys=0.2ms draws=7026 objs=10094 prims=2540k loaded=117 loading=4 reg_batches=535 reg_slots=14386
[INFO] [impostors] Benchmark: 51208 impostors, 256 tex layers, 0 pending cells, mm_instances=51208
[INFO] [streaming] heartbeat sec=199 frame=3173 fps=62.8 proc=23.3ms phys=0.2ms draws=7026 objs=10094 prims=2540k loaded=117 loading=4 reg_batches=535 reg_slots=14386
[INFO] [impostors] Benchmark: 51208 impostors, 256 tex layers, 0 pending cells, mm_instances=51208
[INFO] [streaming] heartbeat sec=204 frame=3487 fps=62.8 proc=20.3ms phys=0.3ms draws=7026 objs=10094 prims=2540k loaded=117 loading=4 reg_batches=535 reg_slots=14386
[INFO] [impostors] Benchmark: 51208 impostors, 256 tex layers, 0 pending cells, mm_instances=51208
WARNING: [WARN] [streaming] Frame overrun: 44.4ms [cellupd:0.0 unload:0.0 async:0.1 inst:0.1 promo:43.9 coll:0.0 defer:0.0 queue:0.0] (budget:8.0ms, overruns:1249)
   at: push_warning (core/variant/variant_utility.cpp:1034)
   GDScript backtrace (most recent call first):
       [0] _log (res://src/core/logging/logger.gd:80)
       [1] warn (res://src/core/logging/logger.gd:43)
       [2] _process (res://src/core/world/native_streaming_manager.gd:745)
[INFO] [streaming] heartbeat sec=209 frame=3735 fps=49.6 proc=29.4ms phys=0.5ms draws=7026 objs=10094 prims=2540k loaded=117 loading=4 reg_batches=535 reg_slots=14386
[INFO] [impostors] Benchmark: 51208 impostors, 256 tex layers, 0 pending cells, mm_instances=51208
[INFO] [streaming] heartbeat sec=214 frame=4004 fps=53.8 proc=21.5ms phys=0.3ms draws=7026 objs=10094 prims=2540k loaded=117 loading=4 reg_batches=535 reg_slots=14386
[INFO] [impostors] Benchmark: 51208 impostors, 256 tex layers, 0 pending cells, mm_instances=51208
[INFO] [shutdown] USER_QUIT — WM_CLOSE_REQUEST received, beginning fast quit

================================================================
CrashHandlerException: Program crashed with signal 11
Engine version: Godot Engine v4.6.stable.mono.official (89cea143987d564363e15d207438530651d943ac)
Dumping the backtrace. Please include this when reporting the bug on: https://github.com/godotengine/godot/issues
[1] error(-1): no debug info in PE/COFF executable
[2] error(-1): no debug info in PE/COFF executable
[3] error(-1): no debug info in PE/COFF executable
[4] error(-1): no debug info in PE/COFF executable
[5] error(-1): no debug info in PE/COFF executable
[6] error(-1): no debug info in PE/COFF executable
[7] error(-1): no debug info in PE/COFF executable
[8] error(-1): no debug info in PE/COFF executable
[9] error(-1): no debug info in PE/COFF executable
[10] error(-1): no debug info in PE/COFF executable
[11] error(-1): no debug info in PE/COFF executable
[12] error(-1): no debug info in PE/COFF executable
[13] error(-1): no debug info in PE/COFF executable
[14] error(-1): no debug info in PE/COFF executable
[15] error(-1): no debug info in PE/COFF executable
[16] error(-1): no debug info in PE/COFF executable
[17] error(-1): no debug info in PE/COFF executable
[18] error(-1): no debug info in PE/COFF executable
[19] error(-1): no debug info in PE/COFF executable
[20] error(-1): no debug info in PE/COFF executable
[21] error(-1): no debug info in PE/COFF executable
[22] error(-1): no debug info in PE/COFF executable
[23] error(-1): no debug info in PE/COFF executable
[24] error(-1): no debug info in PE/COFF executable
[25] error(-1): no debug info in PE/COFF executable
[26] error(-1): no debug info in PE/COFF executable
[27] error(-1): no debug info in PE/COFF executable
-- END OF C++ BACKTRACE --
================================================================
